// Jest Snapshot v1, https://goo.gl/fbAQLP

exports[`Header component renders correctly 1`] = `
{
  "asFragment": [Function],
  "baseElement": <body>
    <div>
      <nav
        class="w-full bg-redNCS p-8 flex flex-row justify-between"
      >
        <h1
          class="text-4xl select-none font-bold text-white"
          id="header-title"
        >
          TaskMaster+
        </h1>
        <div
          class="w-1/12"
        >
          <button
            class="px-4 py-2 w-full text-white border-white undefined whitespace-nowrap select-none font-bold border-2 rounded hover:scale-[1.03] duration-100"
            id="header-login-button"
          >
            Login
          </button>
        </div>
      </nav>
    </div>
  </body>,
  "container": <div>
    <nav
      class="w-full bg-redNCS p-8 flex flex-row justify-between"
    >
      <h1
        class="text-4xl select-none font-bold text-white"
        id="header-title"
      >
        TaskMaster+
      </h1>
      <div
        class="w-1/12"
      >
        <button
          class="px-4 py-2 w-full text-white border-white undefined whitespace-nowrap select-none font-bold border-2 rounded hover:scale-[1.03] duration-100"
          id="header-login-button"
        >
          Login
        </button>
      </div>
    </nav>
  </div>,
  "debug": [Function],
  "findAllByAltText": [Function],
  "findAllByDisplayValue": [Function],
  "findAllByLabelText": [Function],
  "findAllByPlaceholderText": [Function],
  "findAllByRole": [Function],
  "findAllByTestId": [Function],
  "findAllByText": [Function],
  "findAllByTitle": [Function],
  "findByAltText": [Function],
  "findByDisplayValue": [Function],
  "findByLabelText": [Function],
  "findByPlaceholderText": [Function],
  "findByRole": [Function],
  "findByTestId": [Function],
  "findByText": [Function],
  "findByTitle": [Function],
  "getAllByAltText": [Function],
  "getAllByDisplayValue": [Function],
  "getAllByLabelText": [Function],
  "getAllByPlaceholderText": [Function],
  "getAllByRole": [Function],
  "getAllByTestId": [Function],
  "getAllByText": [Function],
  "getAllByTitle": [Function],
  "getByAltText": [Function],
  "getByDisplayValue": [Function],
  "getByLabelText": [Function],
  "getByPlaceholderText": [Function],
  "getByRole": [Function],
  "getByTestId": [Function],
  "getByText": [Function],
  "getByTitle": [Function],
  "queryAllByAltText": [Function],
  "queryAllByDisplayValue": [Function],
  "queryAllByLabelText": [Function],
  "queryAllByPlaceholderText": [Function],
  "queryAllByRole": [Function],
  "queryAllByTestId": [Function],
  "queryAllByText": [Function],
  "queryAllByTitle": [Function],
  "queryByAltText": [Function],
  "queryByDisplayValue": [Function],
  "queryByLabelText": [Function],
  "queryByPlaceholderText": [Function],
  "queryByRole": [Function],
  "queryByTestId": [Function],
  "queryByText": [Function],
  "queryByTitle": [Function],
  "rerender": [Function],
  "unmount": [Function],
}
`;
