// Jest Snapshot v1, https://goo.gl/fbAQLP

exports[`Until options component should render correctly 1`] = `
{
  "asFragment": [Function],
  "baseElement": <body>
    <div>
      <div
        class="flex flex-row gap-4 text-xl items-center"
        id="until-wrapper"
      >
        <input
          class="opacity-0"
          type="checkbox"
        />
        <label
          for="until-basis-dropdown"
        >
          until
        </label>
        <select
          class="border border-black rounded p-2"
          id="until-basis-dropdown"
          name="until-basis-dropdown"
        >
          <option
            value="COUNT"
          >
            after
          </option>
          <option
            value="UNTIL"
          >
            date
          </option>
        </select>
        <div
          class="flex flex-row gap-4 text-xl items-center"
          id="count-input-wrapper"
        >
          <input
            class="border border-black rounded p-2 w-16"
            id="count-input"
            min="1"
            step="1"
            type="number"
            value="1"
          />
          <label
            for="count-input"
          >
            day
          </label>
        </div>
      </div>
    </div>
  </body>,
  "container": <div>
    <div
      class="flex flex-row gap-4 text-xl items-center"
      id="until-wrapper"
    >
      <input
        class="opacity-0"
        type="checkbox"
      />
      <label
        for="until-basis-dropdown"
      >
        until
      </label>
      <select
        class="border border-black rounded p-2"
        id="until-basis-dropdown"
        name="until-basis-dropdown"
      >
        <option
          value="COUNT"
        >
          after
        </option>
        <option
          value="UNTIL"
        >
          date
        </option>
      </select>
      <div
        class="flex flex-row gap-4 text-xl items-center"
        id="count-input-wrapper"
      >
        <input
          class="border border-black rounded p-2 w-16"
          id="count-input"
          min="1"
          step="1"
          type="number"
          value="1"
        />
        <label
          for="count-input"
        >
          day
        </label>
      </div>
    </div>
  </div>,
  "debug": [Function],
  "findAllByAltText": [Function],
  "findAllByDisplayValue": [Function],
  "findAllByLabelText": [Function],
  "findAllByPlaceholderText": [Function],
  "findAllByRole": [Function],
  "findAllByTestId": [Function],
  "findAllByText": [Function],
  "findAllByTitle": [Function],
  "findByAltText": [Function],
  "findByDisplayValue": [Function],
  "findByLabelText": [Function],
  "findByPlaceholderText": [Function],
  "findByRole": [Function],
  "findByTestId": [Function],
  "findByText": [Function],
  "findByTitle": [Function],
  "getAllByAltText": [Function],
  "getAllByDisplayValue": [Function],
  "getAllByLabelText": [Function],
  "getAllByPlaceholderText": [Function],
  "getAllByRole": [Function],
  "getAllByTestId": [Function],
  "getAllByText": [Function],
  "getAllByTitle": [Function],
  "getByAltText": [Function],
  "getByDisplayValue": [Function],
  "getByLabelText": [Function],
  "getByPlaceholderText": [Function],
  "getByRole": [Function],
  "getByTestId": [Function],
  "getByText": [Function],
  "getByTitle": [Function],
  "queryAllByAltText": [Function],
  "queryAllByDisplayValue": [Function],
  "queryAllByLabelText": [Function],
  "queryAllByPlaceholderText": [Function],
  "queryAllByRole": [Function],
  "queryAllByTestId": [Function],
  "queryAllByText": [Function],
  "queryAllByTitle": [Function],
  "queryByAltText": [Function],
  "queryByDisplayValue": [Function],
  "queryByLabelText": [Function],
  "queryByPlaceholderText": [Function],
  "queryByRole": [Function],
  "queryByTestId": [Function],
  "queryByText": [Function],
  "queryByTitle": [Function],
  "rerender": [Function],
  "unmount": [Function],
}
`;
