// Jest Snapshot v1, https://goo.gl/fbAQLP

exports[`Weekly options component should render correctly 1`] = `
{
  "asFragment": [Function],
  "baseElement": <body>
    <div>
      <ul
        class="flex flex-row justify-between gap-2 ml-8 mr-8"
        id="weekly-options"
      >
        <button
          class="px-4 py-2 w-full text-redNCS border-redNCS bg-white whitespace-nowrap select-none font-bold border-2 rounded hover:scale-[1.03] duration-100"
          type="button"
        >
          Sun
        </button>
        <button
          class="px-4 py-2 w-full text-redNCS border-redNCS bg-white whitespace-nowrap select-none font-bold border-2 rounded hover:scale-[1.03] duration-100"
          type="button"
        >
          Mon
        </button>
        <button
          class="px-4 py-2 w-full text-redNCS border-redNCS bg-white whitespace-nowrap select-none font-bold border-2 rounded hover:scale-[1.03] duration-100"
          type="button"
        >
          Tue
        </button>
        <button
          class="px-4 py-2 w-full text-redNCS border-redNCS bg-white whitespace-nowrap select-none font-bold border-2 rounded hover:scale-[1.03] duration-100"
          type="button"
        >
          Wed
        </button>
        <button
          class="px-4 py-2 w-full text-redNCS border-redNCS bg-white whitespace-nowrap select-none font-bold border-2 rounded hover:scale-[1.03] duration-100"
          type="button"
        >
          Thu
        </button>
        <button
          class="px-4 py-2 w-full text-redNCS border-redNCS bg-white whitespace-nowrap select-none font-bold border-2 rounded hover:scale-[1.03] duration-100"
          type="button"
        >
          Fri
        </button>
        <button
          class="px-4 py-2 w-full text-redNCS border-redNCS bg-white whitespace-nowrap select-none font-bold border-2 rounded hover:scale-[1.03] duration-100"
          type="button"
        >
          Sat
        </button>
      </ul>
    </div>
  </body>,
  "container": <div>
    <ul
      class="flex flex-row justify-between gap-2 ml-8 mr-8"
      id="weekly-options"
    >
      <button
        class="px-4 py-2 w-full text-redNCS border-redNCS bg-white whitespace-nowrap select-none font-bold border-2 rounded hover:scale-[1.03] duration-100"
        type="button"
      >
        Sun
      </button>
      <button
        class="px-4 py-2 w-full text-redNCS border-redNCS bg-white whitespace-nowrap select-none font-bold border-2 rounded hover:scale-[1.03] duration-100"
        type="button"
      >
        Mon
      </button>
      <button
        class="px-4 py-2 w-full text-redNCS border-redNCS bg-white whitespace-nowrap select-none font-bold border-2 rounded hover:scale-[1.03] duration-100"
        type="button"
      >
        Tue
      </button>
      <button
        class="px-4 py-2 w-full text-redNCS border-redNCS bg-white whitespace-nowrap select-none font-bold border-2 rounded hover:scale-[1.03] duration-100"
        type="button"
      >
        Wed
      </button>
      <button
        class="px-4 py-2 w-full text-redNCS border-redNCS bg-white whitespace-nowrap select-none font-bold border-2 rounded hover:scale-[1.03] duration-100"
        type="button"
      >
        Thu
      </button>
      <button
        class="px-4 py-2 w-full text-redNCS border-redNCS bg-white whitespace-nowrap select-none font-bold border-2 rounded hover:scale-[1.03] duration-100"
        type="button"
      >
        Fri
      </button>
      <button
        class="px-4 py-2 w-full text-redNCS border-redNCS bg-white whitespace-nowrap select-none font-bold border-2 rounded hover:scale-[1.03] duration-100"
        type="button"
      >
        Sat
      </button>
    </ul>
  </div>,
  "debug": [Function],
  "findAllByAltText": [Function],
  "findAllByDisplayValue": [Function],
  "findAllByLabelText": [Function],
  "findAllByPlaceholderText": [Function],
  "findAllByRole": [Function],
  "findAllByTestId": [Function],
  "findAllByText": [Function],
  "findAllByTitle": [Function],
  "findByAltText": [Function],
  "findByDisplayValue": [Function],
  "findByLabelText": [Function],
  "findByPlaceholderText": [Function],
  "findByRole": [Function],
  "findByTestId": [Function],
  "findByText": [Function],
  "findByTitle": [Function],
  "getAllByAltText": [Function],
  "getAllByDisplayValue": [Function],
  "getAllByLabelText": [Function],
  "getAllByPlaceholderText": [Function],
  "getAllByRole": [Function],
  "getAllByTestId": [Function],
  "getAllByText": [Function],
  "getAllByTitle": [Function],
  "getByAltText": [Function],
  "getByDisplayValue": [Function],
  "getByLabelText": [Function],
  "getByPlaceholderText": [Function],
  "getByRole": [Function],
  "getByTestId": [Function],
  "getByText": [Function],
  "getByTitle": [Function],
  "queryAllByAltText": [Function],
  "queryAllByDisplayValue": [Function],
  "queryAllByLabelText": [Function],
  "queryAllByPlaceholderText": [Function],
  "queryAllByRole": [Function],
  "queryAllByTestId": [Function],
  "queryAllByText": [Function],
  "queryAllByTitle": [Function],
  "queryByAltText": [Function],
  "queryByDisplayValue": [Function],
  "queryByLabelText": [Function],
  "queryByPlaceholderText": [Function],
  "queryByRole": [Function],
  "queryByTestId": [Function],
  "queryByText": [Function],
  "queryByTitle": [Function],
  "rerender": [Function],
  "unmount": [Function],
}
`;
